=== PlayerLogFileWriter open slot=0 mode=create time=18:46:46.157Z ===
NullReferenceException: Object reference not set to an instance of an object
OnboardManager.ApplyInitialUiState () (at Assets/Scripts/Managers/OnboardManager.cs:162)
OnboardManager.ResetOnboarding () (at Assets/Scripts/Managers/OnboardManager.cs:153)
OnboardManager.Start () (at Assets/Scripts/Managers/OnboardManager.cs:125)

NullReferenceException: Object reference not set to an instance of an object
StageCamera.FixedUpdate () (at Assets/Scripts/Camera/StageCamera.cs:49)

NullReferenceException: Object reference not set to an instance of an object
StageCamera.FixedUpdate () (at Assets/Scripts/Camera/StageCamera.cs:49)

NullReferenceException: Object reference not set to an instance of an object
StageCamera.FixedUpdate () (at Assets/Scripts/Camera/StageCamera.cs:49)

NullReferenceException: Object reference not set to an instance of an object
StageCamera.FixedUpdate () (at Assets/Scripts/Camera/StageCamera.cs:49)

NullReferenceException: Object reference not set to an instance of an object
StageCamera.FixedUpdate () (at Assets/Scripts/Camera/StageCamera.cs:49)

NullReferenceException: Object reference not set to an instance of an object
StageCamera.FixedUpdate () (at Assets/Scripts/Camera/StageCamera.cs:49)

NullReferenceException: Object reference not set to an instance of an object
StageCamera.FixedUpdate () (at Assets/Scripts/Camera/StageCamera.cs:49)

NullReferenceException: Object reference not set to an instance of an object
StageCamera.FixedUpdate () (at Assets/Scripts/Camera/StageCamera.cs:49)

NullReferenceException: Object reference not set to an instance of an object
StageCamera.FixedUpdate () (at Assets/Scripts/Camera/StageCamera.cs:49)

NullReferenceException: Object reference not set to an instance of an object
StageCamera.FixedUpdate () (at Assets/Scripts/Camera/StageCamera.cs:49)

NullReferenceException: Object reference not set to an instance of an object
StageCamera.FixedUpdate () (at Assets/Scripts/Camera/StageCamera.cs:49)

NullReferenceException: Object reference not set to an instance of an object
StageCamera.FixedUpdate () (at Assets/Scripts/Camera/StageCamera.cs:49)

NullReferenceException: Object reference not set to an instance of an object
StageCamera.FixedUpdate () (at Assets/Scripts/Camera/StageCamera.cs:49)

NullReferenceException: Object reference not set to an instance of an object
StageCamera.FixedUpdate () (at Assets/Scripts/Camera/StageCamera.cs:49)

NullReferenceException: Object reference not set to an instance of an object
StageCamera.FixedUpdate () (at Assets/Scripts/Camera/StageCamera.cs:49)

NullReferenceException: Object reference not set to an instance of an object
StageCamera.FixedUpdate () (at Assets/Scripts/Camera/StageCamera.cs:49)

NullReferenceException: Object reference not set to an instance of an object
StageCamera.FixedUpdate () (at Assets/Scripts/Camera/StageCamera.cs:49)

NullReferenceException: Object reference not set to an instance of an object
StageCamera.FixedUpdate () (at Assets/Scripts/Camera/StageCamera.cs:49)

NullReferenceException: Object reference not set to an instance of an object
StageCamera.FixedUpdate () (at Assets/Scripts/Camera/StageCamera.cs:49)

NullReferenceException: Object reference not set to an instance of an object
StageCamera.FixedUpdate () (at Assets/Scripts/Camera/StageCamera.cs:49)

NullReferenceException: Object reference not set to an instance of an object
StageCamera.FixedUpdate () (at Assets/Scripts/Camera/StageCamera.cs:49)

NullReferenceException: Object reference not set to an instance of an object
StageCamera.FixedUpdate () (at Assets/Scripts/Camera/StageCamera.cs:49)

NullReferenceException: Object reference not set to an instance of an object
StageCamera.FixedUpdate () (at Assets/Scripts/Camera/StageCamera.cs:49)

NullReferenceException: Object reference not set to an instance of an object
StageCamera.FixedUpdate () (at Assets/Scripts/Camera/StageCamera.cs:49)

NullReferenceException: Object reference not set to an instance of an object
StageCamera.FixedUpdate () (at Assets/Scripts/Camera/StageCamera.cs:49)

NullReferenceException: Object reference not set to an instance of an object
StageCamera.FixedUpdate () (at Assets/Scripts/Camera/StageCamera.cs:49)

NullReferenceException: Object reference not set to an instance of an object
StageCamera.FixedUpdate () (at Assets/Scripts/Camera/StageCamera.cs:49)

NullReferenceException: Object reference not set to an instance of an object
StageCamera.FixedUpdate () (at Assets/Scripts/Camera/StageCamera.cs:49)

NullReferenceException: Object reference not set to an instance of an object
StageCamera.FixedUpdate () (at Assets/Scripts/Camera/StageCamera.cs:49)

NullReferenceException: Object reference not set to an instance of an object
StageCamera.FixedUpdate () (at Assets/Scripts/Camera/StageCamera.cs:49)

NullReferenceException: Object reference not set to an instance of an object
StageCamera.FixedUpdate () (at Assets/Scripts/Camera/StageCamera.cs:49)

NullReferenceException: Object reference not set to an instance of an object
StageCamera.FixedUpdate () (at Assets/Scripts/Camera/StageCamera.cs:49)

NullReferenceException: Object reference not set to an instance of an object
StageCamera.FixedUpdate () (at Assets/Scripts/Camera/StageCamera.cs:49)

NullReferenceException: Object reference not set to an instance of an object
StageCamera.FixedUpdate () (at Assets/Scripts/Camera/StageCamera.cs:49)

NullReferenceException: Object reference not set to an instance of an object
StageCamera.FixedUpdate () (at Assets/Scripts/Camera/StageCamera.cs:49)

NullReferenceException: Object reference not set to an instance of an object
StageCamera.FixedUpdate () (at Assets/Scripts/Camera/StageCamera.cs:49)

NullReferenceException: Object reference not set to an instance of an object
StageCamera.FixedUpdate () (at Assets/Scripts/Camera/StageCamera.cs:49)

NullReferenceException: Object reference not set to an instance of an object
StageCamera.FixedUpdate () (at Assets/Scripts/Camera/StageCamera.cs:49)

NullReferenceException: Object reference not set to an instance of an object
StageCamera.FixedUpdate () (at Assets/Scripts/Camera/StageCamera.cs:49)

NullReferenceException: Object reference not set to an instance of an object
StageCamera.FixedUpdate () (at Assets/Scripts/Camera/StageCamera.cs:49)

NullReferenceException: Object reference not set to an instance of an object
StageCamera.FixedUpdate () (at Assets/Scripts/Camera/StageCamera.cs:49)

NullReferenceException: Object reference not set to an instance of an object
StageCamera.FixedUpdate () (at Assets/Scripts/Camera/StageCamera.cs:49)

NullReferenceException: Object reference not set to an instance of an object
StageCamera.FixedUpdate () (at Assets/Scripts/Camera/StageCamera.cs:49)

NullReferenceException: Object reference not set to an instance of an object
StageCamera.FixedUpdate () (at Assets/Scripts/Camera/StageCamera.cs:49)

NullReferenceException: Object reference not set to an instance of an object
StageCamera.FixedUpdate () (at Assets/Scripts/Camera/StageCamera.cs:49)

NullReferenceException: Object reference not set to an instance of an object
StageCamera.FixedUpdate () (at Assets/Scripts/Camera/StageCamera.cs:49)

NullReferenceException: Object reference not set to an instance of an object
StageCamera.FixedUpdate () (at Assets/Scripts/Camera/StageCamera.cs:49)

NullReferenceException: Object reference not set to an instance of an object
StageCamera.FixedUpdate () (at Assets/Scripts/Camera/StageCamera.cs:49)

NullReferenceException: Object reference not set to an instance of an object
StageCamera.FixedUpdate () (at Assets/Scripts/Camera/StageCamera.cs:49)

NullReferenceException: Object reference not set to an instance of an object
StageCamera.FixedUpdate () (at Assets/Scripts/Camera/StageCamera.cs:49)

NullReferenceException: Object reference not set to an instance of an object
StageCamera.FixedUpdate () (at Assets/Scripts/Camera/StageCamera.cs:49)

NullReferenceException: Object reference not set to an instance of an object
StageCamera.FixedUpdate () (at Assets/Scripts/Camera/StageCamera.cs:49)

NullReferenceException: Object reference not set to an instance of an object
StageCamera.FixedUpdate () (at Assets/Scripts/Camera/StageCamera.cs:49)

NullReferenceException: Object reference not set to an instance of an object
StageCamera.FixedUpdate () (at Assets/Scripts/Camera/StageCamera.cs:49)

NullReferenceException: Object reference not set to an instance of an object
StageCamera.FixedUpdate () (at Assets/Scripts/Camera/StageCamera.cs:49)

NullReferenceException: Object reference not set to an instance of an object
StageCamera.FixedUpdate () (at Assets/Scripts/Camera/StageCamera.cs:49)

NullReferenceException: Object reference not set to an instance of an object
StageCamera.FixedUpdate () (at Assets/Scripts/Camera/StageCamera.cs:49)

NullReferenceException: Object reference not set to an instance of an object
StageCamera.FixedUpdate () (at Assets/Scripts/Camera/StageCamera.cs:49)

NullReferenceException: Object reference not set to an instance of an object
StageCamera.FixedUpdate () (at Assets/Scripts/Camera/StageCamera.cs:49)

NullReferenceException: Object reference not set to an instance of an object
StageCamera.FixedUpdate () (at Assets/Scripts/Camera/StageCamera.cs:49)

NullReferenceException: Object reference not set to an instance of an object
StageCamera.FixedUpdate () (at Assets/Scripts/Camera/StageCamera.cs:49)

NullReferenceException: Object reference not set to an instance of an object
StageCamera.FixedUpdate () (at Assets/Scripts/Camera/StageCamera.cs:49)

NullReferenceException: Object reference not set to an instance of an object
StageCamera.FixedUpdate () (at Assets/Scripts/Camera/StageCamera.cs:49)

NullReferenceException: Object reference not set to an instance of an object
StageCamera.FixedUpdate () (at Assets/Scripts/Camera/StageCamera.cs:49)

NullReferenceException: Object reference not set to an instance of an object
StageCamera.FixedUpdate () (at Assets/Scripts/Camera/StageCamera.cs:49)

NullReferenceException: Object reference not set to an instance of an object
StageCamera.FixedUpdate () (at Assets/Scripts/Camera/StageCamera.cs:49)

NullReferenceException: Object reference not set to an instance of an object
StageCamera.FixedUpdate () (at Assets/Scripts/Camera/StageCamera.cs:49)

